
There are no discarded input sections

Memory Configuration

Name             Origin             Length             Attributes
*default*        0x00000000         0xffffffff

Linker script and memory map

LOAD /var/folders/sy/fr_vb_qn3fj_2_njkwtbld2r0000gn/T//ccPSBUjO.o
                [!provide]                        PROVIDE (__executable_start = SEGMENT_START ("text-segment", 0x8048000))
                0x08048074                        . = (SEGMENT_START ("text-segment", 0x8048000) + SIZEOF_HEADERS)

.interp
 *(.interp)

.note.gnu.build-id
 *(.note.gnu.build-id)

.hash
 *(.hash)

.gnu.hash
 *(.gnu.hash)

.dynsym
 *(.dynsym)

.dynstr
 *(.dynstr)

.gnu.version
 *(.gnu.version)

.gnu.version_d
 *(.gnu.version_d)

.gnu.version_r
 *(.gnu.version_r)

.rel.dyn        0x08048074        0x0
 *(.rel.init)
 *(.rel.text .rel.text.* .rel.gnu.linkonce.t.*)
 *(.rel.fini)
 *(.rel.rodata .rel.rodata.* .rel.gnu.linkonce.r.*)
 *(.rel.data.rel.ro .rel.data.rel.ro.* .rel.gnu.linkonce.d.rel.ro.*)
 *(.rel.data .rel.data.* .rel.gnu.linkonce.d.*)
 *(.rel.tdata .rel.tdata.* .rel.gnu.linkonce.td.*)
 *(.rel.tbss .rel.tbss.* .rel.gnu.linkonce.tb.*)
 *(.rel.ctors)
 *(.rel.dtors)
 *(.rel.got)
 .rel.got       0x08048074        0x0 /var/folders/sy/fr_vb_qn3fj_2_njkwtbld2r0000gn/T//ccPSBUjO.o
 *(.rel.bss .rel.bss.* .rel.gnu.linkonce.b.*)
 *(.rel.ifunc)

.rel.plt        0x08048074        0x0
 *(.rel.plt)
                [!provide]                        PROVIDE (__rel_iplt_start = .)
 *(.rel.iplt)
 .rel.iplt      0x08048074        0x0 /var/folders/sy/fr_vb_qn3fj_2_njkwtbld2r0000gn/T//ccPSBUjO.o
                [!provide]                        PROVIDE (__rel_iplt_end = .)

.relr.dyn
 *(.relr.dyn)

.init
 *(SORT_NONE(.init))

.plt            0x08048074        0x0
 *(.plt)
 *(.iplt)
 .iplt          0x08048074        0x0 /var/folders/sy/fr_vb_qn3fj_2_njkwtbld2r0000gn/T//ccPSBUjO.o

.plt.got
 *(.plt.got)

.plt.sec
 *(.plt.sec)

.text           0x08048074       0xdf
 *(.text.unlikely .text.*_unlikely .text.unlikely.*)
 *(.text.exit .text.exit.*)
 *(.text.startup .text.startup.*)
 .text.startup  0x08048074       0x99 /var/folders/sy/fr_vb_qn3fj_2_njkwtbld2r0000gn/T//ccPSBUjO.o
                0x08048074                main
 *(.text.hot .text.hot.*)
 *(SORT_BY_NAME(.text.sorted.*))
 *(.text .stub .text.* .gnu.linkonce.t.*)
 *fill*         0x0804810d        0x3 
 .text          0x08048110       0x43 /var/folders/sy/fr_vb_qn3fj_2_njkwtbld2r0000gn/T//ccPSBUjO.o
                0x08048148                __objc_exec_class
                0x0804814c                objc_get_class
                0x08048150                objc_msg_lookup
 *(.gnu.warning)

.fini
 *(SORT_NONE(.fini))
                [!provide]                        PROVIDE (__etext = .)
                [!provide]                        PROVIDE (_etext = .)
                [!provide]                        PROVIDE (etext = .)

.rodata         0x08048154        0x8
 *(.rodata .rodata.* .gnu.linkonce.r.*)
 .rodata.str1.1
                0x08048154        0x4 /var/folders/sy/fr_vb_qn3fj_2_njkwtbld2r0000gn/T//ccPSBUjO.o
 .rodata        0x08048158        0x4 /var/folders/sy/fr_vb_qn3fj_2_njkwtbld2r0000gn/T//ccPSBUjO.o
                0x08048158                __objc_class_name_Box

.rodata1
 *(.rodata1)

.eh_frame_hdr
 *(.eh_frame_hdr)
 *(.eh_frame_entry .eh_frame_entry.*)

.eh_frame
 *(.eh_frame)
 *(.eh_frame.*)

.sframe
 *(.sframe)
 *(.sframe.*)

.gcc_except_table
 *(.gcc_except_table .gcc_except_table.*)

.gnu_extab
 *(.gnu_extab*)

.exception_ranges
 *(.exception_ranges*)
                0x0804915c                        . = DATA_SEGMENT_ALIGN (CONSTANT (MAXPAGESIZE), CONSTANT (COMMONPAGESIZE))

.eh_frame
 *(.eh_frame)
 *(.eh_frame.*)

.sframe
 *(.sframe)
 *(.sframe.*)

.gnu_extab
 *(.gnu_extab)

.gcc_except_table
 *(.gcc_except_table .gcc_except_table.*)

.exception_ranges
 *(.exception_ranges*)

.tdata          0x0804915c        0x0
                [!provide]                        PROVIDE (__tdata_start = .)
 *(.tdata .tdata.* .gnu.linkonce.td.*)

.tbss
 *(.tbss .tbss.* .gnu.linkonce.tb.*)
 *(.tcommon)

.preinit_array  0x0804915c        0x0
                [!provide]                        PROVIDE (__preinit_array_start = .)
 *(.preinit_array)
                [!provide]                        PROVIDE (__preinit_array_end = .)

.init_array     0x0804915c        0x4
                [!provide]                        PROVIDE (__init_array_start = .)
 *(SORT_BY_INIT_PRIORITY(.init_array.*) SORT_BY_INIT_PRIORITY(.ctors.*))
 *(.init_array EXCLUDE_FILE(*crtend?.o *crtend.o *crtbegin?.o *crtbegin.o) .ctors)
 .ctors         0x0804915c        0x4 /var/folders/sy/fr_vb_qn3fj_2_njkwtbld2r0000gn/T//ccPSBUjO.o
                [!provide]                        PROVIDE (__init_array_end = .)

.fini_array     0x08049160        0x0
                [!provide]                        PROVIDE (__fini_array_start = .)
 *(SORT_BY_INIT_PRIORITY(.fini_array.*) SORT_BY_INIT_PRIORITY(.dtors.*))
 *(.fini_array EXCLUDE_FILE(*crtend?.o *crtend.o *crtbegin?.o *crtbegin.o) .dtors)
                [!provide]                        PROVIDE (__fini_array_end = .)

.ctors
 *crtbegin.o(.ctors)
 *crtbegin?.o(.ctors)
 *(EXCLUDE_FILE(*crtend?.o *crtend.o) .ctors)
 *(SORT_BY_NAME(.ctors.*))
 *(.ctors)

.dtors
 *crtbegin.o(.dtors)
 *crtbegin?.o(.dtors)
 *(EXCLUDE_FILE(*crtend?.o *crtend.o) .dtors)
 *(SORT_BY_NAME(.dtors.*))
 *(.dtors)

.jcr
 *(.jcr)

.data.rel.ro
 *(.data.rel.ro.local* .gnu.linkonce.d.rel.ro.local.*)
 *(.data.rel.ro .data.rel.ro.* .gnu.linkonce.d.rel.ro.*)

.dynamic
 *(.dynamic)

.got            0x08049160        0x0
 *(.got)
 .got           0x08049160        0x0 /var/folders/sy/fr_vb_qn3fj_2_njkwtbld2r0000gn/T//ccPSBUjO.o
 *(.igot)
                0x08049160                        . = DATA_SEGMENT_RELRO_END (., (SIZEOF (.got.plt) >= 0xc)?0xc:0x0)

.got.plt        0x08049160        0x0
 *(.got.plt)
 .got.plt       0x08049160        0x0 /var/folders/sy/fr_vb_qn3fj_2_njkwtbld2r0000gn/T//ccPSBUjO.o
 *(.igot.plt)
 .igot.plt      0x08049160        0x0 /var/folders/sy/fr_vb_qn3fj_2_njkwtbld2r0000gn/T//ccPSBUjO.o

.data           0x08049160      0x494
 *(.data .data.* .gnu.linkonce.d.*)
 .data          0x08049160      0x494 /var/folders/sy/fr_vb_qn3fj_2_njkwtbld2r0000gn/T//ccPSBUjO.o

.data1
 *(.data1)
                0x080495f4                        _edata = .
                [!provide]                        PROVIDE (edata = .)
                0x080495f4                        . = .
                0x080495f4                        __bss_start = .

.bss            0x080495f4        0x4
 *(.dynbss)
 *(.bss .bss.* .gnu.linkonce.b.*)
 .bss           0x080495f4        0x1 /var/folders/sy/fr_vb_qn3fj_2_njkwtbld2r0000gn/T//ccPSBUjO.o
 *(COMMON)
                0x080495f8                        . = ALIGN ((. != 0x0)?0x4:0x1)
 *fill*         0x080495f5        0x3 
                0x080495f8                        . = ALIGN (0x4)
                0x080495f8                        . = SEGMENT_START ("ldata-segment", .)
                0x080495f8                        . = ALIGN (0x4)
                0x080495f8                        _end = .
                [!provide]                        PROVIDE (end = .)
                0x080495f8                        . = DATA_SEGMENT_END (.)

.stab
 *(.stab)

.stabstr
 *(.stabstr)

.stab.excl
 *(.stab.excl)

.stab.exclstr
 *(.stab.exclstr)

.stab.index
 *(.stab.index)

.stab.indexstr
 *(.stab.indexstr)

.comment        0x00000000       0x12
 *(.comment)
 .comment       0x00000000       0x12 /var/folders/sy/fr_vb_qn3fj_2_njkwtbld2r0000gn/T//ccPSBUjO.o
                                 0x13 (size before relaxing)

.gnu.build.attributes
 *(.gnu.build.attributes .gnu.build.attributes.*)

.debug
 *(.debug)

.line
 *(.line)

.debug_srcinfo
 *(.debug_srcinfo)

.debug_sfnames
 *(.debug_sfnames)

.debug_aranges
 *(.debug_aranges)

.debug_pubnames
 *(.debug_pubnames)

.debug_info
 *(.debug_info .gnu.linkonce.wi.*)

.debug_abbrev
 *(.debug_abbrev)

.debug_line
 *(.debug_line .debug_line.* .debug_line_end)

.debug_frame
 *(.debug_frame)

.debug_str
 *(.debug_str)

.debug_loc
 *(.debug_loc)

.debug_macinfo
 *(.debug_macinfo)

.debug_weaknames
 *(.debug_weaknames)

.debug_funcnames
 *(.debug_funcnames)

.debug_typenames
 *(.debug_typenames)

.debug_varnames
 *(.debug_varnames)

.debug_pubtypes
 *(.debug_pubtypes)

.debug_ranges
 *(.debug_ranges)

.debug_addr
 *(.debug_addr)

.debug_line_str
 *(.debug_line_str)

.debug_loclists
 *(.debug_loclists)

.debug_macro
 *(.debug_macro)

.debug_names
 *(.debug_names)

.debug_rnglists
 *(.debug_rnglists)

.debug_str_offsets
 *(.debug_str_offsets)

.debug_sup
 *(.debug_sup)

.gnu.attributes
 *(.gnu.attributes)

/DISCARD/
 *(.note.GNU-stack)
 *(.gnu_debuglink)
 *(.gnu.lto_*)
OUTPUT(a.out elf32-i386)
